Wed May 24 10:20:19 2017  Opening test.log 
Wed May 24 10:20:28 2017  message 
Wed May 24 10:20:36 2017  Map FAO country to GCAM region ID 
Wed May 24 10:20:43 2017  Map FAO country to GCAM region ID 
